[debug] [2026-06-04T07:20:24.684Z] ----------------------------------------------------------------------
[debug] [2026-06-04T07:20:24.686Z] Command:       C:\Program Files\nodejs\node.exe C:\Users\pjlos\AppData\Roaming\npm\node_modules\firebase-tools\lib\bin\firebase.js deploy --only hosting,firestore
[debug] [2026-06-04T07:20:24.686Z] CLI Version:   15.17.0
[debug] [2026-06-04T07:20:24.686Z] Platform:      win32
[debug] [2026-06-04T07:20:24.686Z] Node Version:  v24.13.0
[debug] [2026-06-04T07:20:24.687Z] Time:          Thu Jun 04 2026 02:20:24 GMT-0500 (Central Daylight Time)
[debug] [2026-06-04T07:20:24.687Z] ----------------------------------------------------------------------
[debug] 
[debug] [2026-06-04T07:20:25.897Z] > command requires scopes: ["email","openid","https://www.googleapis.com/auth/cloudplatformprojects.readonly","https://www.googleapis.com/auth/firebase","https://www.googleapis.com/auth/cloud-platform"]
[debug] [2026-06-04T07:20:25.898Z] > authorizing via signed-in user (loseyp@gmail.com)
[debug] [2026-06-04T07:20:25.898Z] [iam] checking project gridpass for permissions ["datastore.indexes.create","datastore.indexes.delete","datastore.indexes.list","datastore.indexes.update","firebase.projects.get","firebasehosting.sites.update"]
[debug] [2026-06-04T07:20:25.899Z] Checked if tokens are valid: true, expires at: 1780559914402
[debug] [2026-06-04T07:20:25.899Z] Checked if tokens are valid: true, expires at: 1780559914402
[debug] [2026-06-04T07:20:25.899Z] >>> [apiv2][query] POST https://cloudresourcemanager.googleapis.com/v1/projects/gridpass:testIamPermissions [none]
[debug] [2026-06-04T07:20:25.899Z] >>> [apiv2][(partial)header] POST https://cloudresourcemanager.googleapis.com/v1/projects/gridpass:testIamPermissions  x-goog-user-project=gridpass
[debug] [2026-06-04T07:20:25.900Z] >>> [apiv2][body] POST https://cloudresourcemanager.googleapis.com/v1/projects/gridpass:testIamPermissions {"permissions":["datastore.indexes.create","datastore.indexes.delete","datastore.indexes.list","datastore.indexes.update","firebase.projects.get","firebasehosting.sites.update"]}
[debug] [2026-06-04T07:20:26.177Z] <<< [apiv2][status] POST https://cloudresourcemanager.googleapis.com/v1/projects/gridpass:testIamPermissions 200
[debug] [2026-06-04T07:20:26.177Z] <<< [apiv2][body] POST https://cloudresourcemanager.googleapis.com/v1/projects/gridpass:testIamPermissions {"permissions":["datastore.indexes.create","datastore.indexes.delete","datastore.indexes.list","datastore.indexes.update","firebase.projects.get","firebasehosting.sites.update"]}
[debug] [2026-06-04T07:20:26.177Z] Checked if tokens are valid: true, expires at: 1780559914402
[debug] [2026-06-04T07:20:26.177Z] Checked if tokens are valid: true, expires at: 1780559914402
[debug] [2026-06-04T07:20:26.177Z] >>> [apiv2][query] GET https://firebase.googleapis.com/v1beta1/projects/gridpass [none]
[debug] [2026-06-04T07:20:26.611Z] <<< [apiv2][status] GET https://firebase.googleapis.com/v1beta1/projects/gridpass 200
[debug] [2026-06-04T07:20:26.611Z] <<< [apiv2][body] GET https://firebase.googleapis.com/v1beta1/projects/gridpass {"projectId":"gridpass","projectNumber":"195906971027","displayName":"GridPass","name":"projects/gridpass","resources":{"hostingSite":"gridpass","realtimeDatabaseInstance":"gridpass-default-rtdb"},"state":"ACTIVE","etag":"1_7fa0abf5-a394-4f9d-83ab-06bedb9c0076"}
[debug] [2026-06-04T07:20:28.480Z] defaultcredentials: writing to file C:\Users\pjlos\AppData\Roaming\firebase\loseyp_gmail_com_application_default_credentials.json
[debug] [2026-06-04T07:20:28.481Z] Checked if tokens are valid: true, expires at: 1780559914402
[debug] [2026-06-04T07:20:28.481Z] Checked if tokens are valid: true, expires at: 1780559914402
[debug] [2026-06-04T07:20:28.481Z] >>> [apiv2][query] GET https://firebasehosting.googleapis.com/v1beta1/projects/gridpass/sites pageToken=&pageSize=10
[debug] [2026-06-04T07:20:29.334Z] <<< [apiv2][status] GET https://firebasehosting.googleapis.com/v1beta1/projects/gridpass/sites 200
[debug] [2026-06-04T07:20:29.334Z] <<< [apiv2][body] GET https://firebasehosting.googleapis.com/v1beta1/projects/gridpass/sites {"sites":[{"name":"projects/gridpass/sites/airacing","defaultUrl":"https://airacing.web.app","appId":"1:195906971027:web:472523aa3ecc34a98b3466","type":"USER_SITE"},{"name":"projects/gridpass/sites/gridpass","defaultUrl":"https://gridpass.web.app","appId":"1:195906971027:web:e3a99f60233b08018b3466","type":"DEFAULT_SITE"},{"name":"projects/gridpass/sites/gridpass-sites","defaultUrl":"https://gridpass-sites.web.app","appId":"1:195906971027:web:a991903d700c73d28b3466","type":"USER_SITE"},{"name":"projects/gridpass/sites/jkcommander","defaultUrl":"https://jkcommander.web.app","appId":"1:195906971027:web:df977aecd14b725c8b3466","type":"USER_SITE"},{"name":"projects/gridpass/sites/shawdaddys","defaultUrl":"https://shawdaddys.web.app","appId":"1:195906971027:web:84316f5e864f1c018b3466","type":"USER_SITE"},{"name":"projects/gridpass/sites/sites-gridpass","defaultUrl":"https://sites-gridpass.web.app","type":"USER_SITE"},{"name":"projects/gridpass/sites/trailercommander","defaultUrl":"https://trailercommander.web.app","appId":"1:195906971027:web:a191828f62c7b6098b3466","type":"USER_SITE"}]}
[debug] [2026-06-04T07:20:29.334Z] Checked if tokens are valid: true, expires at: 1780559914402
[debug] [2026-06-04T07:20:29.334Z] Checked if tokens are valid: true, expires at: 1780559914402
[debug] [2026-06-04T07:20:29.334Z] >>> [apiv2][query] GET https://firebase.googleapis.com/v1beta1/projects/-/webApps/1:195906971027:web:e3a99f60233b08018b3466/config [none]
[debug] [2026-06-04T07:20:29.748Z] <<< [apiv2][status] GET https://firebase.googleapis.com/v1beta1/projects/-/webApps/1:195906971027:web:e3a99f60233b08018b3466/config 200
[debug] [2026-06-04T07:20:29.748Z] <<< [apiv2][body] GET https://firebase.googleapis.com/v1beta1/projects/-/webApps/1:195906971027:web:e3a99f60233b08018b3466/config {"projectId":"gridpass","appId":"1:195906971027:web:e3a99f60233b08018b3466","databaseURL":"https://gridpass-default-rtdb.firebaseio.com","storageBucket":"gridpass.firebasestorage.app","apiKey":"AIzaSyAb6W337-6Gew_KWdgPAIAKaNLwIk7F6pI","authDomain":"gridpass.firebaseapp.com","messagingSenderId":"195906971027","measurementId":"G-0CGSQMTQRF","projectNumber":"195906971027","version":"2"}
[info] 
   Thank you for trying our early preview of Next.js support on Firebase Hosting.
   During the preview, support is best-effort and breaking changes can be expected. Proceed with caution.
   The integration is known to work with Next.js version 12 - 16.0. You may encounter errors.

   Documentation: https://firebase.google.com/docs/hosting/frameworks/nextjs
   File a bug: https://github.com/firebase/firebase-tools/issues/new?template=bug_report.md
   Submit a feature request: https://github.com/firebase/firebase-tools/issues/new?template=feature_request.md

   We'd love to learn from you. Express your interest in helping us shape the future of Firebase Hosting: https://goo.gle/41enW5X

[debug] [2026-06-04T07:20:34.056Z] Checked if tokens are valid: true, expires at: 1780559914402
[debug] [2026-06-04T07:20:34.056Z] Checked if tokens are valid: true, expires at: 1780559914402
[debug] [2026-06-04T07:20:34.056Z] >>> [apiv2][query] GET https://firebasehosting.googleapis.com/v1beta1/projects/gridpass/sites/gridpass [none]
[debug] [2026-06-04T07:20:34.481Z] <<< [apiv2][status] GET https://firebasehosting.googleapis.com/v1beta1/projects/gridpass/sites/gridpass 200
[debug] [2026-06-04T07:20:34.481Z] <<< [apiv2][body] GET https://firebasehosting.googleapis.com/v1beta1/projects/gridpass/sites/gridpass {"name":"projects/gridpass/sites/gridpass","defaultUrl":"https://gridpass.web.app","appId":"1:195906971027:web:e3a99f60233b08018b3466","type":"DEFAULT_SITE"}
[info] ▲ Next.js 16.2.6 (Turbopack)

[info] - Environments: .env.production.local


[info]   Creating an optimized production build ...

[info] ✓ Compiled successfully in 4.1s

[info]   Running TypeScript ...

[info] Failed to type check.


[info] ./src/app/b/[id]/page.tsx:12:50
Type error: Module '"lucide-react"' has no exported member 'Globus'.

  10 | import { collection, query, where, getDocs, doc, getDoc } from 'firebase/firestore';
  11 | import { 
> 12 |   Building2, MapPin, Compass, ShieldCheck, Mail, Globus, Link2, 
     |                                                  ^
  13 |   CarFront, Loader2, ArrowLeft, Users, Table, Phone, ClipboardCheck 
  14 | } from 'lucide-react';
  15 |

[info] Next.js build worker exited with code: 1 and signal: null

[debug] [2026-06-04T07:20:44.673Z] Error: ENOENT: no such file or directory, open 'C:\_Projects\Gridpass-v4\.next\export-marker.json'
[error] 
[error] Error: An unexpected error has occurred.
